Archive Project report for Monitoring
Thu Dec 15 12:37:24 2016
Quartus Prime Version 15.1.0 Build 185 10/21/2015 SJ Lite Edition


---------------------
; Table of Contents ;
---------------------
  1. Legal Notice
  2. Archive Project Summary
  3. Archive Project Messages
  4. Files Archived



----------------
; Legal Notice ;
----------------
Copyright (C) 1991-2015 Altera Corporation. All rights reserved.
Your use of Altera Corporation's design tools, logic functions 
and other software and tools, and its AMPP partner logic 
functions, and any output files from any of the foregoing 
(including device programming or simulation files), and any 
associated documentation or information are expressly subject 
to the terms and conditions of the Altera Program License 
Subscription Agreement, the Altera Quartus Prime License Agreement,
the Altera MegaCore Function License Agreement, or other 
applicable license agreement, including, without limitation, 
that your use is for the sole purpose of programming logic 
devices manufactured by Altera and sold by Altera or its 
authorized distributors.  Please refer to the applicable 
agreement for further details.



+----------------------------------------------------------------+
; Archive Project Summary                                        ;
+------------------------+---------------------------------------+
; Archive Project Status ; Successful - Thu Dec 15 12:37:24 2016 ;
; Revision Name          ; Monitoring                            ;
; Top-level Entity Name  ; MonitoringSys                         ;
; Family                 ; Cyclone V                             ;
+------------------------+---------------------------------------+


+--------------------------+
; Archive Project Messages ;
+--------------------------+
Info: File Set 'Source control' contains:
    Info: Project source and settings files
    Info: Automatically detected source files
Info: Archive will store files relative to the closest common parent directory
Info (13213): Using common directory C:/Users/Kei Yoshikoshi/Documents/ECE559/Monitoring_VGA_Tester_Everything_Works_restored/
Info: ----------------------------------------------------------
Info: ----------------------------------------------------------
Info: Generated archive 'C:/Users/Kei Yoshikoshi/Documents/ECE559/Monitoring_VGA_Tester_Everything_Works_restored/Monitoring_FinalVersion_Almost.qar'
Info: ----------------------------------------------------------
Info: ----------------------------------------------------------
Info: Generated report 'Monitoring.archive.rpt'
Info (23030): Evaluation of Tcl script c:/altera_lite/15.1/quartus/common/tcl/apps/qpm/qar.tcl was successful
Info: Quartus Prime Shell was successful. 0 errors, 1 warning
    Info: Peak virtual memory: 668 megabytes
    Info: Processing ended: Thu Dec 15 12:37:24 2016
    Info: Elapsed time: 00:00:06
    Info: Total CPU time (on all processors): 00:00:02


+-----------------------------------------+
; Files Archived                          ;
+-----------------------------------------+
; File Name                               ;
+-----------------------------------------+
; alt_div.cmp                             ;
; alt_div.qip                             ;
; alt_div.vhd                             ;
; alteraPLL.cmp                           ;
; alteraPLL.qip                           ;
; alteraPLL.sip                           ;
; alteraPLL.spd                           ;
; alteraPLL.v                             ;
; alteraPLL/alteraPLL_0002.qip            ;
; alteraPLL/alteraPLL_0002.v              ;
; alteraPLL_sim/alteraPLL.vo              ;
; assignment_defaults.qdf                 ;
; DE0_CV_VGA_Pattern.sdc                  ;
; division.cmp                            ;
; division.qip                            ;
; division.vhd                            ;
; fiftyToTenPLL.cmp                       ;
; fiftyToTenPLL.qip                       ;
; fiftyToTenPLL.sip                       ;
; fiftyToTenPLL.spd                       ;
; fiftyToTenPLL.vhd                       ;
; fiftyToTenPLL/fiftyToTenPLL_0002.qip    ;
; fiftyToTenPLL/fiftyToTenPLL_0002.v      ;
; fiftyToTenPLL_sim/fiftyToTenPLL.vho     ;
; Forward_Buffer.vhd                      ;
; img_data_3.cmp                          ;
; img_data_3.qip                          ;
; img_data_3.vhd                          ;
; img_data_logo.mif                       ;
; index_logo.mif                          ;
; index_logo_3.cmp                        ;
; index_logo_3.qip                        ;
; index_logo_3.vhd                        ;
; internal_memory_updated.vhd             ;
; latch_24bit.vhd                         ;
; lpm_div.cmp                             ;
; lpm_div.qip                             ;
; lpm_div.vhd                             ;
; lpm_div_32.cmp                          ;
; lpm_div_32.qip                          ;
; lpm_div_32.vhd                          ;
; MainRamMif.mif                          ;
; mainVGA.v                               ;
; Monitor_TestHarness/debounce.vhd        ;
; Monitor_TestHarness/look_now_FSM.vhd    ;
; Monitor_TestHarness/look_now_FSM_rx.vhd ;
; Monitor_TestHarness/look_now_FSM_tx.vhd ;
; Monitor_TestHarness/Monitor_Tester.vhd  ;
; Monitor_TestHarness/ROM_ADDR_GEN.vhd    ;
; Monitor_TestHarness/ROM_ADDR_GEN_rx.vhd ;
; Monitor_TestHarness/ROM_ADDR_GEN_tx.vhd ;
; Monitor_TestHarness/Test_Frames.cmp     ;
; Monitor_TestHarness/test_frames.mif     ;
; Monitor_TestHarness/Test_Frames.qip     ;
; Monitor_TestHarness/Test_Frames.vhd     ;
; Monitor_TestHarness/XMT_Counter.vhd     ;
; Monitoring.qpf                          ;
; Monitoring.qsf                          ;
; Monitoring_assignment_defaults.qdf      ;
; monitoring_ram.cmp                      ;
; monitoring_ram.qip                      ;
; monitoring_ram.vhd                      ;
; monitoringRamTwoPort.cmp                ;
; monitoringRamTwoPort.qip                ;
; monitoringRamTwoPort.vhd                ;
; MonitoringSys.vhd                       ;
; MonitoringSys.vwf                       ;
; numberRAM.cmp                           ;
; numberRAM.qip                           ;
; numberRAM.vhd                           ;
; Receive_Buffer.cmp                      ;
; Receive_Buffer.qip                      ;
; Receive_Buffer.vhd                      ;
; reg16.vhd                               ;
; reg32.vhd                               ;
; register16.cmp                          ;
; register16.qip                          ;
; register16.vhd                          ;
; register32.cmp                          ;
; register32.qip                          ;
; register32.vhd                          ;
; Reset_Delay.v                           ;
; RX_reg24bit.cmp                         ;
; RX_reg24bit.qip                         ;
; RX_reg24bit.vhd                         ;
; Test1.vwf                               ;
; Test_Control_Waveform.vwf               ;
; Transmit_Buffer.cmp                     ;
; Transmit_Buffer.qip                     ;
; Transmit_Buffer.vhd                     ;
; vga_controller_test.vhd                 ;
; video_sync_generator.vhd                ;
; Waveform.vwf                            ;
; Waveform1.vwf                           ;
+-----------------------------------------+


